[igenius.ai/index.html]
[igenius.ai/component---src-layouts-index-js-4ff67e1f71c9e791dff4.js]
[igenius.ai/component---src-pages-index-js-4140d5308d88c54fbaf2.js]
[igenius.ai/path---index-a0e39f21c11f6a62c5ab.js]
[igenius.ai/app-dcf6c24f8ff5c0b5e7bc.js]
[backblue.gif]
[fade.gif]
[index.html]
[igenius.ai/commons-e01455f2ac04cd662d93.js]
[igenius.ai/static/favicon.eb2cb75a.ico]
[igenius.ai/static/ms-icon-310x310.45aace31.png]
[igenius.ai/igenius.html]
[igenius.ai/iGenius.png]
[igenius.ai/static/card-tw.c828ab6f.png]
[igenius.ai/sitemap.xml]
[igenius.ai/static/GravitoniumSans-Light.f9b97c7a.eot]
[igenius.ai/static/GravitoniumSans-Light.69a69734.ttf]
[igenius.ai/static/GravitoniumSans-Light.ba73cc23.woff]
[igenius.ai/static/GravitoniumSans-Light.771fb834.woff2]
[igenius.ai/static/GravitoniumSans-Regular.28c5152d.eot]
[igenius.ai/static/GravitoniumSans-Regular.ebf75a7d.ttf]
[igenius.ai/static/GravitoniumSans-Regular.c3cd7072.woff]
[igenius.ai/static/GravitoniumSans-Regular.af2d76b4.woff2]
[igenius.ai/static/GravitoniumSans-Medium.ab27411f.eot]
[igenius.ai/static/GravitoniumSans-Medium.842c1892.ttf]
[igenius.ai/static/GravitoniumSans-Medium.76601504.woff]
[igenius.ai/static/GravitoniumSans-Medium.9a2658e3.woff2]
[igenius.ai/static/GravitoniumSans-SemiBold.6cb25efe.eot]
[igenius.ai/static/GravitoniumSans-SemiBold.2e2c5acc.ttf]
[igenius.ai/static/GravitoniumSans-SemiBold.68f9e9e2.woff]
[igenius.ai/static/GravitoniumSans-SemiBold.577de848.woff2]
[igenius.ai/static/GravitoniumSans-Bold.9d8489d8.eot]
[igenius.ai/static/GravitoniumSans-Bold.69d626f2.ttf]
[igenius.ai/static/GravitoniumSans-Bold.1174f1e1.woff]
[igenius.ai/static/GravitoniumSans-Bold.cb609c37.woff2]
[igenius.ai/about-us/index.html]
[igenius.ai/static/human-data-fluidity.e0a4408e.png]
[igenius.ai/milestones/index.html]
[igenius.ai/people/index.html]
[igenius.ai/home/icons-home-crystal.svg]
[igenius.ai/technology/index.html]
[igenius.ai/static/method-creativity.1240013c.png]
[igenius.ai/ideas/index.html]
[igenius.ai/home/icons-home-design.svg]
[igenius.ai/home/icons-home-people.svg]
[igenius.ai/design/index.html]
[www.google-analytics.com/analytics.js]
[igenius.ai/index.html]
[igenius.ai/legal/index.html]
[igenius.ai/component---src-pages-404-js-5cf478dafbcc1b7df822.js]
[igenius.ai/path---404-html-a0e39f21c11f6a62c5ab.js]
[igenius.ai/igenius.html]
[www.googletagmanager.com/gtm5445.html]
[igenius.ai/ideas/down.svg]
[igenius.ai/component---src-pages-about-us-index-js-328a6863d31cfb663fcb.js]
[igenius.ai/path---about-us-a0e39f21c11f6a62c5ab.js]
[igenius.ai/about-us/igenius.html]
[igenius.ai/people/uljan.jpg]
[igenius.ai/people/michele.jpg]
[igenius.ai/people/shy.jpg]
[igenius.ai/people/daria.jpg]
[igenius.ai/people/marco.jpg]
[igenius.ai/people/micaela.jpg]
[igenius.ai/people/clifford.jpg]
[igenius.ai/people/eugenio.jpg]
[igenius.ai/about-us/index.html]
[igenius.ai/component---src-pages-milestones-index-js-df8f3d9b473756cd97ac.js]
[igenius.ai/path---milestones-a0e39f21c11f6a62c5ab.js]
[igenius.ai/milestones/igenius.html]
[igenius.ai/static/indentation.60ad1915.png]
[igenius.ai/static/home.d8fac8a9.png]
[igenius.ai/static/ramen.2bb27d94.png]
[igenius.ai/milestones/index.html]
[igenius.ai/component---src-pages-people-index-js-18148b7e9ff5f47b92a8.js]
[igenius.ai/path---people-a0e39f21c11f6a62c5ab.js]
[igenius.ai/people/igenius.html]
[igenius.ai/static/cozzolino.6414978b.png]
[igenius.ai/benefits/icons-benefits-mac.svg]
[igenius.ai/benefits/icons-benefits-smart.svg]
[igenius.ai/benefits/icons-benefits-learning.svg]
[igenius.ai/benefits/icons-benefits-vouchers.svg]
[igenius.ai/benefits/icons-benefits-stocks.svg]
[igenius.ai/benefits/icons-benefits-international.svg]
[igenius.ai/static/backend-team.292e7b07.png]
[igenius.ai/static/frontend-team.72d9fa58.png]
[igenius.ai/static/product-team.8efebc51.png]
[igenius.ai/people/index.html]
[igenius.ai/component---src-pages-ideas-index-js-7f9f645802c5e42d67a3.js]
[igenius.ai/path---ideas-a0e39f21c11f6a62c5ab.js]
[igenius.ai/ideas/igenius.html]
[igenius.ai/download/iGeniusPressKit.pdf]
[igenius.ai/ideas/micaela.jpg]
[igenius.ai/ideas/index.html]
[igenius.ai/component---src-pages-technology-index-js-c619eeabfb2ed7de3a16.js]
[igenius.ai/path---technology-a0e39f21c11f6a62c5ab.js]
[igenius.ai/technology/igenius.html]
[igenius.ai/static/shaping.0f363e3b.png]
[igenius.ai/static/fdr.2da2d105.gif]
[igenius.ai/static/ai.99ca9333.gif]
[igenius.ai/static/nlp.379eb167.gif]
[igenius.ai/technology/index.html]
[igenius.ai/component---src-pages-design-index-js-85e0f28db5e8918dd437.js]
[igenius.ai/path---design-a0e39f21c11f6a62c5ab.js]
[igenius.ai/static/mosaic-1.251cd092.png]
[igenius.ai/static/mosaic-2.33faa675.png]
[igenius.ai/static/mosaic-3.ea34c00b.png]
[igenius.ai/static/mosaic-4.0857d8b4.png]
[igenius.ai/static/mosaic-5.b2822a01.png]
[igenius.ai/design/igenius.html]
[igenius.ai/static/mosaic-6.73cb6ec7.png]
[igenius.ai/static/mosaic-7.8c611754.png]
[igenius.ai/static/design-circles.a574ed6b.png]
[igenius.ai/design/index.html]
[igenius.ai/home/icons-home-crystal.svg]
[igenius.ai/home/icons-home-design.svg]
[igenius.ai/home/icons-home-people.svg]
[igenius.ai/component---src-pages-legal-index-js-3e5f4ba14cf240418318.js]
[igenius.ai/path---legal-a0e39f21c11f6a62c5ab.js]
[igenius.ai/legal/index.html]
[igenius.ai/about-us/igenius.html]
[igenius.ai/milestones/igenius.html]
[igenius.ai/people/igenius.html]
[igenius.ai/video/play.svg]
[igenius.ai/benefits/icons-benefits-mac.svg]
[igenius.ai/benefits/icons-benefits-smart.svg]
[igenius.ai/benefits/icons-benefits-learning.svg]
[igenius.ai/benefits/icons-benefits-vouchers.svg]
[igenius.ai/benefits/icons-benefits-stocks.svg]
[igenius.ai/benefits/icons-benefits-international.svg]
[igenius.ai/carousel/arrow-sx.svg]
[igenius.ai/carousel/arrow.svg]
[igenius.ai/offices/milan.svg]
[igenius.ai/offices/san-jose.svg]
[igenius.ai/offices/sierre.svg]
[igenius.ai/offices/london.svg]
[igenius.ai/ideas/igenius.html]
[igenius.ai/technology/igenius.html]
[igenius.ai/design/igenius.html]
[igenius.ai/legal/igenius.html]
[igenius.ai/legal/igenius.html]
